// Jest Snapshot v1, https://goo.gl/fbAQLP

exports[`NoMatch component should render NoMatch component correctly 1`] = `ShallowWrapper {}`;
