// Jest Snapshot v1, https://goo.gl/fbAQLP

exports[`OtherPage component should render OtherPage component correctly 1`] = `ShallowWrapper {}`;
