// Jest Snapshot v1, https://goo.gl/fbAQLP

exports[`Home component should render Loading component correctly 1`] = `ShallowWrapper {}`;
